[backblue.gif]
[fade.gif]
[index.html]
[cdnjs.cloudflare.com/ajax/libs/font-awesome/6.5.0/css/all.min.css]
[localhost/PROJET-SOCIETE/assets/img/logo.png]
[localhost/PROJET-SOCIETE/assets/img/hp1.jpg]
[localhost/PROJET-SOCIETE/assets/img/hp2.jpg]
[localhost/PROJET-SOCIETE/assets/img/hp3.jpg]
[localhost/PROJET-SOCIETE/assets/img/hp4.jpg]
[localhost/PROJET-SOCIETE/assets/js/main.js]
[localhost/PROJET-SOCIETE/index.html]
[localhost/PROJET-SOCIETE/assets/fonts/Aileron-Regular.otf]
[localhost/PROJET-SOCIETE/assets/fonts/HomemadeApple-Regular.ttf]
[localhost/PROJET-SOCIETE/assets/css/main.css]
[cdnjs.cloudflare.com/ajax/libs/font-awesome/6.5.0/css/all.min.css]
[localhost/PROJET-SOCIETE/assets/img/M_letter.png]
[localhost/PROJET-SOCIETE/assets/img/about.jpg]
[localhost/PROJET-SOCIETE/assets/img/a1.png]
[localhost/PROJET-SOCIETE/assets/img/a2.png]
[localhost/PROJET-SOCIETE/assets/img/a3.png]
[localhost/PROJET-SOCIETE/assets/img/a4.png]
[localhost/PROJET-SOCIETE/assets/img/a5.png]
[localhost/PROJET-SOCIETE/assets/img/a6.png]
[localhost/PROJET-SOCIETE/assets/img/a7.png]
[localhost/PROJET-SOCIETE/assets/img/a8.jpg]
[localhost/PROJET-SOCIETE/assets/img/a9.jpg]
[localhost/PROJET-SOCIETE/assets/img/a10.jpg]
[localhost/PROJET-SOCIETE/pages/about.html]
[localhost/PROJET-SOCIETE/assets/img/eventC.png]
[localhost/PROJET-SOCIETE/assets/img/e3.png]
[localhost/PROJET-SOCIETE/assets/img/e4.png]
[localhost/PROJET-SOCIETE/assets/img/e5.png]
[localhost/PROJET-SOCIETE/assets/img/e2.jpg]
[localhost/PROJET-SOCIETE/assets/img/e1.jpg]
[localhost/PROJET-SOCIETE/pages/events.html]
[localhost/PROJET-SOCIETE/assets/img/ar1.jpg]
[localhost/PROJET-SOCIETE/assets/img/ar2.jpg]
[localhost/PROJET-SOCIETE/assets/img/ar3.jpg]
[localhost/PROJET-SOCIETE/assets/img/ar4.jpg]
[localhost/PROJET-SOCIETE/assets/img/ar5.jpg]
[localhost/PROJET-SOCIETE/assets/img/ar6.jpg]
[localhost/PROJET-SOCIETE/assets/img/ar7.jpg]
[localhost/PROJET-SOCIETE/assets/img/ar8.jpg]
[localhost/PROJET-SOCIETE/pages/archives.html]
[localhost/PROJET-SOCIETE/assets/img/C_lettre.png]
[localhost/PROJET-SOCIETE/contact.html]
[localhost/PROJET-SOCIETE/assets/css/variables.css]
[localhost/PROJET-SOCIETE/assets/css/layout.css]
[localhost/PROJET-SOCIETE/assets/css/home.css]
[localhost/PROJET-SOCIETE/assets/css/contact.css]
[localhost/PROJET-SOCIETE/assets/css/a-propos.css]
[localhost/PROJET-SOCIETE/assets/css/events.css]
[localhost/PROJET-SOCIETE/assets/css/archives.css]
